cpp/src/PokerGame.cpp:16:23: warning: unqualified call to 'std::move' [-Wunqualified-std-cast-call]
   16 |     players.push_back(move(player));
      |                       ^
      |                       std::
1 warning generated.
Undefined symbols for architecture arm64:
  "_main", referenced from:
      <initial-undefines>
ld: symbol(s) not found for architecture arm64
clang++: error: linker command failed with exit code 1 (use -v to see invocation)
